403 Forbidden
403 Forbidden
403 Forbidden
403 Forbidden
403 Forbidden
https://acs.pub.ro/
https://www.columbia.edu/
https://www.nus.edu.sg/
https://acs.pub.ro/
403 Forbidden
403 Forbidden
403 Forbidden
403 Forbidden
0 1 2 3 4 5 
Computer Science
403 Forbidden
403 Forbidden
403 Forbidden
https://www.umich.edu/
https://acs.pub.ro/
https://acs.pub.ro/
5 0 1 2 3 4 
Computer Science
403 Forbidden
403 Forbidden
2 3 0 1 
University of Michigan
2 3 0 1 
University of Michigan
1 4 0 
Indian Institute of Technology Delhi
403 Forbidden
0 1 4 
Computer Science
4 5 0 1 
Keio University
5 0 1 4 
University of Washington
https://www.iitd.ac.in/
https://www.columbia.edu/
https://www.nus.edu.sg/
https://acs.pub.ro/
403 Forbidden
0 4 5 
Computer Science
403 Forbidden
403 Forbidden
https://acs.pub.ro/
4 5 0 
University of the Witwatersrand
403 Forbidden
403 Forbidden
403 Forbidden
403 Forbidden
403 Forbidden
0 4 5 6 
Computer Science
403 Forbidden
0 4 5 6 
University of Michigan
403 Forbidden
403 Forbidden
403 Forbidden
403 Forbidden
403 Forbidden
403 Forbidden
403 Forbidden
403 Forbidden
403 Forbidden
403 Forbidden
403 Forbidden
403 Forbidden
5 7 0 4 
University of Auckland
403 Forbidden
403 Forbidden
403 Forbidden
0 
University of Michigan
403 Forbidden
2 0 1 
Computer Science
403 Forbidden
403 Forbidden
0 1 
Computer Science
403 Forbidden
0 1 
University of Edinburgh
403 Forbidden
403 Forbidden
403 Forbidden
403 Forbidden
403 Forbidden
403 Forbidden
